Rc files read (in order):
  NONE
Latexmk: This is Latexmk, John Collins, 9 March 2026. Version 4.88.
Latexmk: applying rule 'pdflatex'...
Rule 'pdflatex':  Reasons for rerun
Changed files or newly in use/created:
  main.tex
Category 'changed_user':
  main.tex

------------
Run number 1 of rule 'pdflatex'
------------
------------
Running 'pdflatex  -interaction=nonstopmode -halt-on-error -recorder -output-directory="/private/tmp/nmi-figrev-final"  "main.tex"'
------------
This is pdfTeX, Version 3.141592653-2.6-1.40.29 (TeX Live 2026) (preloaded format=pdflatex)
 restricted \write18 enabled.
entering extended mode
(./main.tex
LaTeX2e <2026-06-01>
L3 programming layer <2026-06-18>
(/Users/xiaocong/Library/TinyTeX/texmf-dist/tex/latex/base/article.cls
Document Class: article 2025/01/22 v1.4n Standard LaTeX document class
(/Users/xiaocong/Library/TinyTeX/texmf-dist/tex/latex/base/size12.clo)) (/Users/xiaocong/Library/TinyTeX/texmf-dist/tex/latex/base/inputenc.sty) (/Users/xiaocong/Library/TinyTeX/texmf-dist/tex/latex/base/fontenc.sty) (/Users/xiaocong/Library/TinyTeX/texmf-dist/tex/latex/amsmath/amsmath.sty
For additional information on amsmath, use the `?' option.
(/Users/xiaocong/Library/TinyTeX/texmf-dist/tex/latex/amsmath/amstext.sty (/Users/xiaocong/Library/TinyTeX/texmf-dist/tex/latex/amsmath/amsgen.sty)) (/Users/xiaocong/Library/TinyTeX/texmf-dist/tex/latex/amsmath/amsbsy.sty) (/Users/xiaocong/Library/TinyTeX/texmf-dist/tex/latex/amsmath/amsopn.sty)) (/Users/xiaocong/Library/TinyTeX/texmf-dist/tex/latex/amsfonts/amsfonts.sty) (/Users/xiaocong/Library/TinyTeX/texmf-dist/tex/latex/amsfonts/amssymb.sty) (/Users/xiaocong/Library/TinyTeX/texmf-dist/tex/latex/graphics/graphicx.sty (/Users/xiaocong/Library/TinyTeX/texmf-dist/tex/latex/graphics/keyval.sty) (/Users/xiaocong/Library/TinyTeX/texmf-dist/tex/latex/graphics/graphics.sty (/Users/xiaocong/Library/TinyTeX/texmf-dist/tex/latex/graphics/trig.sty) (/Users/xiaocong/Library/TinyTeX/texmf-dist/tex/latex/graphics-cfg/graphics.cfg) (/Users/xiaocong/Library/TinyTeX/texmf-dist/tex/latex/graphics-def/pdftex.def))) (/Users/xiaocong/Library/TinyTeX/texmf-dist/tex/latex/cite/cite.sty) (/Users/xiaocong/Library/TinyTeX/texmf-dist/tex/latex/url/url.sty) (/Users/xiaocong/Library/TinyTeX/texmf-dist/tex/latex/geometry/geometry.sty (/Users/xiaocong/Library/TinyTeX/texmf-dist/tex/generic/iftex/ifvtex.sty (/Users/xiaocong/Library/TinyTeX/texmf-dist/tex/generic/iftex/iftex.sty))) (/Users/xiaocong/Library/TinyTeX/texmf-dist/tex/latex/fancyhdr/fancyhdr.sty) (/Users/xiaocong/Library/TinyTeX/texmf-dist/tex/latex/setspace/setspace.sty) (/Users/xiaocong/Library/TinyTeX/texmf-dist/tex/latex/booktabs/booktabs.sty) (/Users/xiaocong/Library/TinyTeX/texmf-dist/tex/latex/tools/longtable.sty) (./algorithm.sty (/Users/xiaocong/Library/TinyTeX/texmf-dist/tex/latex/float/float.sty) (/Users/xiaocong/Library/TinyTeX/texmf-dist/tex/latex/base/ifthen.sty)) (./algorithmic.sty) (/Users/xiaocong/Library/TinyTeX/texmf-dist/tex/latex/xcolor/xcolor.sty (/Users/xiaocong/Library/TinyTeX/texmf-dist/tex/latex/graphics-cfg/color.cfg) (/Users/xiaocong/Library/TinyTeX/texmf-dist/tex/latex/graphics/mathcolor.ltx)) (/Users/xiaocong/Library/TinyTeX/texmf-dist/tex/latex/caption/caption.sty (/Users/xiaocong/Library/TinyTeX/texmf-dist/tex/latex/caption/caption3.sty) (/Users/xiaocong/Library/TinyTeX/texmf-dist/tex/latex/caption/ltcaption.sty)) (/Users/xiaocong/Library/TinyTeX/texmf-dist/tex/latex/l3backend/l3backend-pdftex.def) (/private/tmp/nmi-figrev-final/main.aux) (/Users/xiaocong/Library/TinyTeX/texmf-dist/tex/latex/epstopdf-pkg/epstopdf-base.sty (/Users/xiaocong/Library/TinyTeX/texmf-dist/tex/latex/latexconfig/epstopdf-sys.cfg))
*geometry* driver: auto-detecting
*geometry* detected driver: pdftex
(/Users/xiaocong/Library/TinyTeX/texmf-dist/tex/latex/amsfonts/umsa.fd) (/Users/xiaocong/Library/TinyTeX/texmf-dist/tex/latex/amsfonts/umsb.fd) [1{/Users/xiaocong/Library/TinyTeX/texmf-var/fonts/map/pdftex/updmap/pdftex.map}] [2] [3] [4] [5] [6 <./figures/fig1_monitoring.pdf>] [7] [8 <./figures/fig2_context.pdf>] [9] [10 <./figures/fig3_monitor.pdf>] [11] [12] [13 <./figures/fig4_consequence.pdf>] [14] [15] [16] [17 <./figures/fig5_human_arm.pdf>] [18 <./figures/fig6_subjective.pdf>] [19] [20] [21] [22] [23] [24] [25] [26] [27] [28] [29] [30] [31] [32] [33]
Underfull \hbox (badness 2503) in paragraph at lines 929--929
[] []\T1/cmr/bx/n/12 return  \T1/cmr/m/sc/12 Ab-stain\T1/cmr/m/n/12 (\T1/cmr/m/sc/12 Ego-Unreadable \T1/cmr/m/n/12 if $\OML/cmm/m/it/12 u[]$ \T1/cmr/m/n/12 or $\OML/cmm/m/it/12 q[]$ \T1/cmr/m/n/12 failed; \T1/cmr/m/sc/12 Counterpart-
[34] [35]
Underfull \hbox (badness 1342) in paragraph at lines 982--989
[]\T1/cmr/m/n/12 The on-line im-ple-men-ta-tion eval-u-ates seven can-di-date pref-er-ences $\OML/cmm/m/it/12 k^^Y=\OT1/cmr/m/n/12 8$\T1/cmr/m/n/12 , $\OML/cmm/m/it/12 k \OMS/cmsy/m/n/12 2

Underfull \hbox (badness 10000) in paragraph at lines 1008--1009
[]\T1/cmr/m/n/10.95 Naturalistic and matched-

Underfull \hbox (badness 2302) in paragraph at lines 1009--1010
[]\T1/cmr/m/n/10.95 Frame-level IPV read-ing com-

Underfull \hbox (badness 10000) in paragraph at lines 1010--1010
[]\T1/cmr/m/n/10.95 Can im-posed interaction-

Underfull \hbox (badness 3746) in paragraph at lines 1010--1011
\T1/cmr/m/n/10.95 within the context-conditioned

Underfull \hbox (badness 10000) in paragraph at lines 1011--1011
[]\T1/cmr/m/n/10.95 Model-consistent iden-ti-fi-ca-tion

Underfull \hbox (badness 5771) in paragraph at lines 1011--1012
[]\T1/cmr/m/n/10.95 Context con-di-tion-ing, cal-i-bra-
[36]
Underfull \hbox (badness 4144) in paragraph at lines 1041--1049
[]\T1/cmr/m/n/12 For ego-position atyp-i-cal-ity, the assertive-minus-within dif-fer-ence is $\OT1/cmr/m/n/12 +0\OML/cmm/m/it/12 :\OT1/cmr/m/n/12 465$
[37] (./figures/subjective_supplement_tables.tex [38 <./figures/fig1_measurable.pdf>] [39 <./figures/figS2_subjective_sensitivity.pdf> <./figures/figS3_human_levels.pdf>] [40 <./figures/figS4_estimator_details.pdf>] [41] [42] [43] [44] [45]) [46] [47 <./figures/figE2_reference_band.pdf>] [48 <./figures/figE1_case_example.pdf>] [49 <./figures/figED3_source_transfer.pdf> <./figures/figED5_reference_distribution.pdf>] (/private/tmp/nmi-figrev-final/main.bbl [50] [51] [52] [53] [54] [55]) [56] [57] (/private/tmp/nmi-figrev-final/main.aux) )
(see the transcript file for additional information) </Users/xiaocong/Library/TinyTeX/texmf-var/fonts/pk/ljfour/jknappen/ec/ectt1200.600pk> </Users/xiaocong/Library/TinyTeX/texmf-var/fonts/pk/ljfour/jknappen/ec/ecrm0800.600pk> </Users/xiaocong/Library/TinyTeX/texmf-var/fonts/pk/ljfour/jknappen/ec/tcrm1095.600pk> </Users/xiaocong/Library/TinyTeX/texmf-var/fonts/pk/ljfour/jknappen/ec/ecrm1000.600pk> </Users/xiaocong/Library/TinyTeX/texmf-var/fonts/pk/ljfour/jknappen/ec/ecbx1200.600pk> </Users/xiaocong/Library/TinyTeX/texmf-var/fonts/pk/ljfour/jknappen/ec/eccc1200.600pk> </Users/xiaocong/Library/TinyTeX/texmf-var/fonts/pk/ljfour/jknappen/ec/ecbx1440.600pk> </Users/xiaocong/Library/TinyTeX/texmf-var/fonts/pk/ljfour/jknappen/ec/ecti1200.600pk> </Users/xiaocong/Library/TinyTeX/texmf-var/fonts/pk/ljfour/jknappen/ec/ecbx1728.600pk> </Users/xiaocong/Library/TinyTeX/texmf-var/fonts/pk/ljfour/jknappen/ec/ecrm1200.600pk> </Users/xiaocong/Library/TinyTeX/texmf-var/fonts/pk/ljfour/jknappen/ec/ecrm1095.600pk> </Users/xiaocong/Library/TinyTeX/texmf-var/fonts/pk/ljfour/jknappen/ec/ecbx1095.600pk> </Users/xiaocong/Library/TinyTeX/texmf-var/fonts/pk/ljfour/jknappen/ec/ecti1440.600pk> </Users/xiaocong/Library/TinyTeX/texmf-var/fonts/pk/ljfour/jknappen/ec/ecti1095.600pk> </Users/xiaocong/Library/TinyTeX/texmf-var/fonts/pk/ljfour/jknappen/ec/ecrm1440.600pk> </Users/xiaocong/Library/TinyTeX/texmf-var/fonts/pk/ljfour/jknappen/ec/ecrm2074.600pk></Users/xiaocong/Library/TinyTeX/texmf-dist/fonts/type1/public/amsfonts/cm/cmbx12.pfb></Users/xiaocong/Library/TinyTeX/texmf-dist/fonts/type1/public/amsfonts/cm/cmex10.pfb></Users/xiaocong/Library/TinyTeX/texmf-dist/fonts/type1/public/amsfonts/cm/cmmi10.pfb></Users/xiaocong/Library/TinyTeX/texmf-dist/fonts/type1/public/amsfonts/cm/cmmi12.pfb></Users/xiaocong/Library/TinyTeX/texmf-dist/fonts/type1/public/amsfonts/cm/cmmi8.pfb></Users/xiaocong/Library/TinyTeX/texmf-dist/fonts/type1/public/amsfonts/cm/cmr10.pfb></Users/xiaocong/Library/TinyTeX/texmf-dist/fonts/type1/public/amsfonts/cm/cmr12.pfb></Users/xiaocong/Library/TinyTeX/texmf-dist/fonts/type1/public/amsfonts/cm/cmr6.pfb></Users/xiaocong/Library/TinyTeX/texmf-dist/fonts/type1/public/amsfonts/cm/cmr8.pfb></Users/xiaocong/Library/TinyTeX/texmf-dist/fonts/type1/public/amsfonts/cm/cmsy10.pfb></Users/xiaocong/Library/TinyTeX/texmf-dist/fonts/type1/public/amsfonts/cm/cmsy6.pfb></Users/xiaocong/Library/TinyTeX/texmf-dist/fonts/type1/public/amsfonts/cm/cmsy8.pfb>
Output written on /private/tmp/nmi-figrev-final/main.pdf (57 pages, 1082746 bytes).
Transcript written on /private/tmp/nmi-figrev-final/main.log.
Latexmk: Getting log file '/private/tmp/nmi-figrev-final/main.log'
Latexmk: Examining '/private/tmp/nmi-figrev-final/main.fls'
Latexmk: Examining '/private/tmp/nmi-figrev-final/main.log'
Latexmk: Found input bbl file '/private/tmp/nmi-figrev-final/main.bbl'
Latexmk: Log file says output to '/private/tmp/nmi-figrev-final/main.pdf'
Latexmk: Using bibtex to make bibliography file(s).
  ===Source file '/private/tmp/nmi-figrev-final/main.bbl' for 'pdflatex'
Latexmk: Found bibliography file(s):
  ./bibliography/biblio.bib
Latexmk: applying rule 'bibtex /private/tmp/nmi-figrev-final/main'...
Rule 'bibtex /private/tmp/nmi-figrev-final/main':  Reasons for rerun
Changed files or newly in use/created:
  /private/tmp/nmi-figrev-final/main.aux

------------
Run number 1 of rule 'bibtex /private/tmp/nmi-figrev-final/main'
------------
Latexmk: Change directory to '/private/tmp/nmi-figrev-final/'.
To assist finding of files in document directory, I set
  BIBINPUTS='/Volumes/ZHITAI 2T/.CloudStorage/Data/OneDrive-个人/Desktop/Projects/2_PaperWriting/NMI---Online-Sociality-Verfication-for-Autonomous-Vehicle:/private/tmp/nmi-figrev-final:'
  BSTINPUTS='/Volumes/ZHITAI 2T/.CloudStorage/Data/OneDrive-个人/Desktop/Projects/2_PaperWriting/NMI---Online-Sociality-Verfication-for-Autonomous-Vehicle:'.
------------
Running 'bibtex  "main.aux"'
------------
This is BibTeX, Version 0.99e (TeX Live 2026)
The top-level auxiliary file: main.aux
The style file: unsrt.bst
Database file #1: bibliography/biblio.bib
Latexmk: Change directory back to '/Volumes/ZHITAI 2T/.CloudStorage/Data/OneDrive-个人/Desktop/Projects/2_PaperWriting/NMI---Online-Sociality-Verfication-for-Autonomous-Vehicle'
Latexmk: applying rule 'pdflatex'...
Rule 'pdflatex':  Reasons for rerun
Changed files or newly in use/created:
  /private/tmp/nmi-figrev-final/main.aux

------------
Run number 2 of rule 'pdflatex'
------------
------------
Running 'pdflatex  -interaction=nonstopmode -halt-on-error -recorder -output-directory="/private/tmp/nmi-figrev-final"  "main.tex"'
------------
This is pdfTeX, Version 3.141592653-2.6-1.40.29 (TeX Live 2026) (preloaded format=pdflatex)
 restricted \write18 enabled.
entering extended mode
(./main.tex
LaTeX2e <2026-06-01>
L3 programming layer <2026-06-18>
(/Users/xiaocong/Library/TinyTeX/texmf-dist/tex/latex/base/article.cls
Document Class: article 2025/01/22 v1.4n Standard LaTeX document class
(/Users/xiaocong/Library/TinyTeX/texmf-dist/tex/latex/base/size12.clo)) (/Users/xiaocong/Library/TinyTeX/texmf-dist/tex/latex/base/inputenc.sty) (/Users/xiaocong/Library/TinyTeX/texmf-dist/tex/latex/base/fontenc.sty) (/Users/xiaocong/Library/TinyTeX/texmf-dist/tex/latex/amsmath/amsmath.sty
For additional information on amsmath, use the `?' option.
(/Users/xiaocong/Library/TinyTeX/texmf-dist/tex/latex/amsmath/amstext.sty (/Users/xiaocong/Library/TinyTeX/texmf-dist/tex/latex/amsmath/amsgen.sty)) (/Users/xiaocong/Library/TinyTeX/texmf-dist/tex/latex/amsmath/amsbsy.sty) (/Users/xiaocong/Library/TinyTeX/texmf-dist/tex/latex/amsmath/amsopn.sty)) (/Users/xiaocong/Library/TinyTeX/texmf-dist/tex/latex/amsfonts/amsfonts.sty) (/Users/xiaocong/Library/TinyTeX/texmf-dist/tex/latex/amsfonts/amssymb.sty) (/Users/xiaocong/Library/TinyTeX/texmf-dist/tex/latex/graphics/graphicx.sty (/Users/xiaocong/Library/TinyTeX/texmf-dist/tex/latex/graphics/keyval.sty) (/Users/xiaocong/Library/TinyTeX/texmf-dist/tex/latex/graphics/graphics.sty (/Users/xiaocong/Library/TinyTeX/texmf-dist/tex/latex/graphics/trig.sty) (/Users/xiaocong/Library/TinyTeX/texmf-dist/tex/latex/graphics-cfg/graphics.cfg) (/Users/xiaocong/Library/TinyTeX/texmf-dist/tex/latex/graphics-def/pdftex.def))) (/Users/xiaocong/Library/TinyTeX/texmf-dist/tex/latex/cite/cite.sty) (/Users/xiaocong/Library/TinyTeX/texmf-dist/tex/latex/url/url.sty) (/Users/xiaocong/Library/TinyTeX/texmf-dist/tex/latex/geometry/geometry.sty (/Users/xiaocong/Library/TinyTeX/texmf-dist/tex/generic/iftex/ifvtex.sty (/Users/xiaocong/Library/TinyTeX/texmf-dist/tex/generic/iftex/iftex.sty))) (/Users/xiaocong/Library/TinyTeX/texmf-dist/tex/latex/fancyhdr/fancyhdr.sty) (/Users/xiaocong/Library/TinyTeX/texmf-dist/tex/latex/setspace/setspace.sty) (/Users/xiaocong/Library/TinyTeX/texmf-dist/tex/latex/booktabs/booktabs.sty) (/Users/xiaocong/Library/TinyTeX/texmf-dist/tex/latex/tools/longtable.sty) (./algorithm.sty (/Users/xiaocong/Library/TinyTeX/texmf-dist/tex/latex/float/float.sty) (/Users/xiaocong/Library/TinyTeX/texmf-dist/tex/latex/base/ifthen.sty)) (./algorithmic.sty) (/Users/xiaocong/Library/TinyTeX/texmf-dist/tex/latex/xcolor/xcolor.sty (/Users/xiaocong/Library/TinyTeX/texmf-dist/tex/latex/graphics-cfg/color.cfg) (/Users/xiaocong/Library/TinyTeX/texmf-dist/tex/latex/graphics/mathcolor.ltx)) (/Users/xiaocong/Library/TinyTeX/texmf-dist/tex/latex/caption/caption.sty (/Users/xiaocong/Library/TinyTeX/texmf-dist/tex/latex/caption/caption3.sty) (/Users/xiaocong/Library/TinyTeX/texmf-dist/tex/latex/caption/ltcaption.sty)) (/Users/xiaocong/Library/TinyTeX/texmf-dist/tex/latex/l3backend/l3backend-pdftex.def) (/private/tmp/nmi-figrev-final/main.aux) (/Users/xiaocong/Library/TinyTeX/texmf-dist/tex/latex/epstopdf-pkg/epstopdf-base.sty (/Users/xiaocong/Library/TinyTeX/texmf-dist/tex/latex/latexconfig/epstopdf-sys.cfg))
*geometry* driver: auto-detecting
*geometry* detected driver: pdftex
(/Users/xiaocong/Library/TinyTeX/texmf-dist/tex/latex/amsfonts/umsa.fd) (/Users/xiaocong/Library/TinyTeX/texmf-dist/tex/latex/amsfonts/umsb.fd) [1{/Users/xiaocong/Library/TinyTeX/texmf-var/fonts/map/pdftex/updmap/pdftex.map}] [2] [3] [4] [5] [6 <./figures/fig1_monitoring.pdf>] [7] [8 <./figures/fig2_context.pdf>] [9] [10 <./figures/fig3_monitor.pdf>] [11] [12] [13 <./figures/fig4_consequence.pdf>] [14] [15] [16] [17 <./figures/fig5_human_arm.pdf>] [18 <./figures/fig6_subjective.pdf>] [19] [20] [21] [22] [23] [24] [25] [26] [27] [28] [29] [30] [31] [32] [33]
Underfull \hbox (badness 2503) in paragraph at lines 929--929
[] []\T1/cmr/bx/n/12 return  \T1/cmr/m/sc/12 Ab-stain\T1/cmr/m/n/12 (\T1/cmr/m/sc/12 Ego-Unreadable \T1/cmr/m/n/12 if $\OML/cmm/m/it/12 u[]$ \T1/cmr/m/n/12 or $\OML/cmm/m/it/12 q[]$ \T1/cmr/m/n/12 failed; \T1/cmr/m/sc/12 Counterpart-
[34] [35]
Underfull \hbox (badness 1342) in paragraph at lines 982--989
[]\T1/cmr/m/n/12 The on-line im-ple-men-ta-tion eval-u-ates seven can-di-date pref-er-ences $\OML/cmm/m/it/12 k^^Y=\OT1/cmr/m/n/12 8$\T1/cmr/m/n/12 , $\OML/cmm/m/it/12 k \OMS/cmsy/m/n/12 2

Underfull \hbox (badness 10000) in paragraph at lines 1008--1009
[]\T1/cmr/m/n/10.95 Naturalistic and matched-

Underfull \hbox (badness 2302) in paragraph at lines 1009--1010
[]\T1/cmr/m/n/10.95 Frame-level IPV read-ing com-

Underfull \hbox (badness 10000) in paragraph at lines 1010--1010
[]\T1/cmr/m/n/10.95 Can im-posed interaction-

Underfull \hbox (badness 3746) in paragraph at lines 1010--1011
\T1/cmr/m/n/10.95 within the context-conditioned

Underfull \hbox (badness 10000) in paragraph at lines 1011--1011
[]\T1/cmr/m/n/10.95 Model-consistent iden-ti-fi-ca-tion

Underfull \hbox (badness 5771) in paragraph at lines 1011--1012
[]\T1/cmr/m/n/10.95 Context con-di-tion-ing, cal-i-bra-
[36]
Underfull \hbox (badness 4144) in paragraph at lines 1041--1049
[]\T1/cmr/m/n/12 For ego-position atyp-i-cal-ity, the assertive-minus-within dif-fer-ence is $\OT1/cmr/m/n/12 +0\OML/cmm/m/it/12 :\OT1/cmr/m/n/12 465$
[37] (./figures/subjective_supplement_tables.tex [38 <./figures/fig1_measurable.pdf>] [39 <./figures/figS2_subjective_sensitivity.pdf> <./figures/figS3_human_levels.pdf>] [40 <./figures/figS4_estimator_details.pdf>] [41] [42] [43] [44] [45]) [46] [47 <./figures/figE2_reference_band.pdf>] [48 <./figures/figE1_case_example.pdf>] [49 <./figures/figED3_source_transfer.pdf> <./figures/figED5_reference_distribution.pdf>] (/private/tmp/nmi-figrev-final/main.bbl [50] [51] [52] [53] [54] [55]) [56] [57] (/private/tmp/nmi-figrev-final/main.aux) )
(see the transcript file for additional information) </Users/xiaocong/Library/TinyTeX/texmf-var/fonts/pk/ljfour/jknappen/ec/ectt1200.600pk> </Users/xiaocong/Library/TinyTeX/texmf-var/fonts/pk/ljfour/jknappen/ec/ecrm0800.600pk> </Users/xiaocong/Library/TinyTeX/texmf-var/fonts/pk/ljfour/jknappen/ec/tcrm1095.600pk> </Users/xiaocong/Library/TinyTeX/texmf-var/fonts/pk/ljfour/jknappen/ec/ecrm1000.600pk> </Users/xiaocong/Library/TinyTeX/texmf-var/fonts/pk/ljfour/jknappen/ec/ecbx1200.600pk> </Users/xiaocong/Library/TinyTeX/texmf-var/fonts/pk/ljfour/jknappen/ec/eccc1200.600pk> </Users/xiaocong/Library/TinyTeX/texmf-var/fonts/pk/ljfour/jknappen/ec/ecbx1440.600pk> </Users/xiaocong/Library/TinyTeX/texmf-var/fonts/pk/ljfour/jknappen/ec/ecti1200.600pk> </Users/xiaocong/Library/TinyTeX/texmf-var/fonts/pk/ljfour/jknappen/ec/ecbx1728.600pk> </Users/xiaocong/Library/TinyTeX/texmf-var/fonts/pk/ljfour/jknappen/ec/ecrm1200.600pk> </Users/xiaocong/Library/TinyTeX/texmf-var/fonts/pk/ljfour/jknappen/ec/ecrm1095.600pk> </Users/xiaocong/Library/TinyTeX/texmf-var/fonts/pk/ljfour/jknappen/ec/ecbx1095.600pk> </Users/xiaocong/Library/TinyTeX/texmf-var/fonts/pk/ljfour/jknappen/ec/ecti1440.600pk> </Users/xiaocong/Library/TinyTeX/texmf-var/fonts/pk/ljfour/jknappen/ec/ecti1095.600pk> </Users/xiaocong/Library/TinyTeX/texmf-var/fonts/pk/ljfour/jknappen/ec/ecrm1440.600pk> </Users/xiaocong/Library/TinyTeX/texmf-var/fonts/pk/ljfour/jknappen/ec/ecrm2074.600pk></Users/xiaocong/Library/TinyTeX/texmf-dist/fonts/type1/public/amsfonts/cm/cmbx12.pfb></Users/xiaocong/Library/TinyTeX/texmf-dist/fonts/type1/public/amsfonts/cm/cmex10.pfb></Users/xiaocong/Library/TinyTeX/texmf-dist/fonts/type1/public/amsfonts/cm/cmmi10.pfb></Users/xiaocong/Library/TinyTeX/texmf-dist/fonts/type1/public/amsfonts/cm/cmmi12.pfb></Users/xiaocong/Library/TinyTeX/texmf-dist/fonts/type1/public/amsfonts/cm/cmmi8.pfb></Users/xiaocong/Library/TinyTeX/texmf-dist/fonts/type1/public/amsfonts/cm/cmr10.pfb></Users/xiaocong/Library/TinyTeX/texmf-dist/fonts/type1/public/amsfonts/cm/cmr12.pfb></Users/xiaocong/Library/TinyTeX/texmf-dist/fonts/type1/public/amsfonts/cm/cmr6.pfb></Users/xiaocong/Library/TinyTeX/texmf-dist/fonts/type1/public/amsfonts/cm/cmr8.pfb></Users/xiaocong/Library/TinyTeX/texmf-dist/fonts/type1/public/amsfonts/cm/cmsy10.pfb></Users/xiaocong/Library/TinyTeX/texmf-dist/fonts/type1/public/amsfonts/cm/cmsy6.pfb></Users/xiaocong/Library/TinyTeX/texmf-dist/fonts/type1/public/amsfonts/cm/cmsy8.pfb>
Output written on /private/tmp/nmi-figrev-final/main.pdf (57 pages, 1082746 bytes).
Transcript written on /private/tmp/nmi-figrev-final/main.log.
Latexmk: Getting log file '/private/tmp/nmi-figrev-final/main.log'
Latexmk: Examining '/private/tmp/nmi-figrev-final/main.fls'
Latexmk: Examining '/private/tmp/nmi-figrev-final/main.log'
Latexmk: Found input bbl file '/private/tmp/nmi-figrev-final/main.bbl'
Latexmk: Log file says output to '/private/tmp/nmi-figrev-final/main.pdf'
Latexmk: Using bibtex to make bibliography file(s).
  ===Source file '/private/tmp/nmi-figrev-final/main.bbl' for 'pdflatex'
Latexmk: Found bibliography file(s):
  ./bibliography/biblio.bib
Latexmk: All targets (/private/tmp/nmi-figrev-final/main.pdf) are up-to-date

