This is pdfTeX, Version 3.141592653-2.6-1.40.29 (TeX Live 2026) (preloaded format=pdflatex 2026.7.13)  25 SEP 2026 11:24
entering extended mode
 restricted \write18 enabled.
 %&-line parsing enabled.
**main.tex
(./main.tex
LaTeX2e <2026-06-01>
L3 programming layer <2026-06-18>
(/Users/xiaocong/Library/TinyTeX/texmf-dist/tex/latex/base/article.cls
Document Class: article 2025/01/22 v1.4n Standard LaTeX document class
(/Users/xiaocong/Library/TinyTeX/texmf-dist/tex/latex/base/size12.clo
File: size12.clo 2025/01/22 v1.4n Standard LaTeX file (size option)
)
\c@part=\count276
\c@section=\count277
\c@subsection=\count278
\c@subsubsection=\count279
\c@paragraph=\count280
\c@subparagraph=\count281
\c@figure=\count282
\c@table=\count283
\abovecaptionskip=\skip49
\belowcaptionskip=\skip50
\bibindent=\dimen150
) (/Users/xiaocong/Library/TinyTeX/texmf-dist/tex/latex/base/inputenc.sty
Package: inputenc 2024/02/08 v1.3d Input encoding file
\inpenc@prehook=\toks17
\inpenc@posthook=\toks18
) (/Users/xiaocong/Library/TinyTeX/texmf-dist/tex/latex/base/fontenc.sty
Package: fontenc 2025/07/18 v2.1d Standard LaTeX package
) (/Users/xiaocong/Library/TinyTeX/texmf-dist/tex/latex/amsmath/amsmath.sty
Package: amsmath 2026/05/19 v2.18d AMS math features
\@mathmargin=\skip51

For additional information on amsmath, use the `?' option.
(/Users/xiaocong/Library/TinyTeX/texmf-dist/tex/latex/amsmath/amstext.sty
Package: amstext 2024/11/17 v2.01 AMS text
 (/Users/xiaocong/Library/TinyTeX/texmf-dist/tex/latex/amsmath/amsgen.sty
File: amsgen.sty 1999/11/30 v2.0 generic functions
\@emptytoks=\toks19
\ex@=\dimen151
)) (/Users/xiaocong/Library/TinyTeX/texmf-dist/tex/latex/amsmath/amsbsy.sty
Package: amsbsy 1999/11/29 v1.2d Bold Symbols
\pmbraise@=\dimen152
) (/Users/xiaocong/Library/TinyTeX/texmf-dist/tex/latex/amsmath/amsopn.sty
Package: amsopn 2022/04/08 v2.04 operator names
)
\inf@bad=\count284
LaTeX Info: Redefining \frac on input line 233.
\uproot@=\count285
\leftroot@=\count286
LaTeX Info: Redefining \overline on input line 398.
LaTeX Info: Redefining \colon on input line 409.
\classnum@=\count287
\DOTSCASE@=\count288
LaTeX Info: Redefining \ldots on input line 495.
LaTeX Info: Redefining \dots on input line 498.
LaTeX Info: Redefining \cdots on input line 619.
\Mathstrutbox@=\box53
\strutbox@=\box54
LaTeX Info: Redefining \big on input line 721.
LaTeX Info: Redefining \Big on input line 722.
LaTeX Info: Redefining \bigg on input line 723.
LaTeX Info: Redefining \Bigg on input line 724.
\big@size=\dimen153
LaTeX Font Info:    Redeclaring font encoding OML on input line 742.
LaTeX Font Info:    Redeclaring font encoding OMS on input line 743.
\macc@depth=\count289
LaTeX Info: Redefining \bmod on input line 904.
LaTeX Info: Redefining \pmod on input line 909.
LaTeX Info: Redefining \smash on input line 939.
LaTeX Info: Redefining \relbar on input line 969.
LaTeX Info: Redefining \Relbar on input line 970.
\c@MaxMatrixCols=\count290
\dotsspace@=\muskip17
\c@parentequation=\count291
\dspbrk@lvl=\count292
\tag@help=\toks20
\row@=\count293
\column@=\count294
\maxfields@=\count295
\andhelp@=\toks21
\eqnshift@=\dimen154
\alignsep@=\dimen155
\tagshift@=\dimen156
\tagwidth@=\dimen157
\totwidth@=\dimen158
\lineht@=\dimen159
\@envbody=\toks22
\multlinegap=\skip52
\multlinetaggap=\skip53
\mathdisplay@stack=\toks23
LaTeX Info: Redefining \[ on input line 2965.
LaTeX Info: Redefining \] on input line 2966.
) (/Users/xiaocong/Library/TinyTeX/texmf-dist/tex/latex/amsfonts/amsfonts.sty
Package: amsfonts 2013/01/14 v3.01 Basic AMSFonts support
\symAMSa=\mathgroup4
\symAMSb=\mathgroup5
LaTeX Font Info:    Redeclaring math symbol \hbar on input line 98.
LaTeX Font Info:    Overwriting math alphabet `\mathfrak' in version `bold'
(Font)                  U/euf/m/n --> U/euf/b/n on input line 106.
) (/Users/xiaocong/Library/TinyTeX/texmf-dist/tex/latex/amsfonts/amssymb.sty
Package: amssymb 2013/01/14 v3.01 AMS font symbols
) (/Users/xiaocong/Library/TinyTeX/texmf-dist/tex/latex/graphics/graphicx.sty
Package: graphicx 2026-05-17 v1.2e Enhanced LaTeX Graphics (DPC,SPQR)
 (/Users/xiaocong/Library/TinyTeX/texmf-dist/tex/latex/graphics/keyval.sty
Package: keyval 2026-05-17 v1.15 key=value parser (DPC)
\KV@toks@=\toks24
) (/Users/xiaocong/Library/TinyTeX/texmf-dist/tex/latex/graphics/graphics.sty
Package: graphics 2026-05-17 v1.4h Standard LaTeX Graphics (DPC,SPQR)
 (/Users/xiaocong/Library/TinyTeX/texmf-dist/tex/latex/graphics/trig.sty
Package: trig 2023/12/02 v1.11 sin cos tan (DPC)
) (/Users/xiaocong/Library/TinyTeX/texmf-dist/tex/latex/graphics-cfg/graphics.cfg
File: graphics.cfg 2016/06/04 v1.11 sample graphics configuration
)
Package graphics Info: Driver file: pdftex.def on input line 106.
 (/Users/xiaocong/Library/TinyTeX/texmf-dist/tex/latex/graphics-def/pdftex.def
File: pdftex.def 2025/09/29 v1.2d Graphics/color driver for pdftex
))
\Gin@req@height=\dimen160
\Gin@req@width=\dimen161
) (/Users/xiaocong/Library/TinyTeX/texmf-dist/tex/latex/cite/cite.sty
LaTeX Info: Redefining \cite on input line 302.
LaTeX Info: Redefining \nocite on input line 332.
Package: cite 2015/02/27  v 5.5
) (/Users/xiaocong/Library/TinyTeX/texmf-dist/tex/latex/url/url.sty
\Urlmuskip=\muskip18
Package: url 2013/09/16  ver 3.4  Verb mode for urls, etc.
) (/Users/xiaocong/Library/TinyTeX/texmf-dist/tex/latex/geometry/geometry.sty
Package: geometry 2026/03/07 v6.0 Page Geometry
 (/Users/xiaocong/Library/TinyTeX/texmf-dist/tex/generic/iftex/ifvtex.sty
Package: ifvtex 2019/10/25 v1.7 ifvtex legacy package. Use iftex instead.
 (/Users/xiaocong/Library/TinyTeX/texmf-dist/tex/generic/iftex/iftex.sty
Package: iftex 2024/12/12 v1.0g TeX engine tests
))
\Gm@cnth=\count296
\Gm@cntv=\count297
\c@Gm@tempcnt=\count298
\Gm@bindingoffset=\dimen162
\Gm@wd@mp=\dimen163
\Gm@odd@mp=\dimen164
\Gm@even@mp=\dimen165
\Gm@layoutwidth=\dimen166
\Gm@layoutheight=\dimen167
\Gm@layouthoffset=\dimen168
\Gm@layoutvoffset=\dimen169
\Gm@dimlist=\toks25
) (/Users/xiaocong/Library/TinyTeX/texmf-dist/tex/latex/fancyhdr/fancyhdr.sty
Package: fancyhdr 2025/02/07 v5.2 Extensive control of page headers and footers
\f@nch@headwidth=\skip54
\f@nch@offset@elh=\skip55
\f@nch@offset@erh=\skip56
\f@nch@offset@olh=\skip57
\f@nch@offset@orh=\skip58
\f@nch@offset@elf=\skip59
\f@nch@offset@erf=\skip60
\f@nch@offset@olf=\skip61
\f@nch@offset@orf=\skip62
\f@nch@height=\skip63
\f@nch@footalignment=\skip64
\f@nch@widthL=\skip65
\f@nch@widthC=\skip66
\f@nch@widthR=\skip67
\@temptokenb=\toks26
) (/Users/xiaocong/Library/TinyTeX/texmf-dist/tex/latex/setspace/setspace.sty
Package: setspace 2022/12/04 v6.7b set line spacing
) (/Users/xiaocong/Library/TinyTeX/texmf-dist/tex/latex/booktabs/booktabs.sty
Package: booktabs 2020/01/12 v1.61803398 Publication quality tables
\heavyrulewidth=\dimen170
\lightrulewidth=\dimen171
\cmidrulewidth=\dimen172
\belowrulesep=\dimen173
\belowbottomsep=\dimen174
\aboverulesep=\dimen175
\abovetopsep=\dimen176
\cmidrulesep=\dimen177
\cmidrulekern=\dimen178
\defaultaddspace=\dimen179
\@cmidla=\count299
\@cmidlb=\count300
\@aboverulesep=\dimen180
\@belowrulesep=\dimen181
\@thisruleclass=\count301
\@lastruleclass=\count302
\@thisrulewidth=\dimen182
) (/Users/xiaocong/Library/TinyTeX/texmf-dist/tex/latex/tools/longtable.sty
Package: longtable 2026-01-28 v4.27 Multi-page Table package (DPC)
\LTleft=\skip68
\LTright=\skip69
\LTpre=\skip70
\LTpost=\skip71
\LTchunksize=\count303
\LTcapwidth=\dimen183
\LT@head=\box55
\LT@firsthead=\box56
\LT@foot=\box57
\LT@lastfoot=\box58
\LT@gbox=\box59
\LT@cols=\count304
\LT@rows=\count305
\c@LT@tables=\count306
\c@LT@chunks=\count307
\LT@p@ftn=\toks27
) (./algorithm.sty
Package: algorithm 2009/08/24 v0.1 Document Style `algorithm' - floating environment
 (/Users/xiaocong/Library/TinyTeX/texmf-dist/tex/latex/float/float.sty
Package: float 2001/11/08 v1.3d Float enhancements (AL)
\c@float@type=\count308
\float@exts=\toks28
\float@box=\box60
\@float@everytoks=\toks29
\@floatcapt=\box61
) (/Users/xiaocong/Library/TinyTeX/texmf-dist/tex/latex/base/ifthen.sty
Package: ifthen 2024/03/16 v1.1e Standard LaTeX ifthen package (DPC)
)
\@float@every@algorithm=\toks30
\c@algorithm=\count309
) (./algorithmic.sty
Package: algorithmic 2009/08/24 v0.1 Document Style `algorithmic'
\c@ALC@unique=\count310
\c@ALC@line=\count311
\c@ALC@rem=\count312
\c@ALC@depth=\count313
\ALC@tlm=\skip72
\algorithmicindent=\skip73
) (/Users/xiaocong/Library/TinyTeX/texmf-dist/tex/latex/xcolor/xcolor.sty
Package: xcolor 2024/09/29 v3.02 LaTeX color extensions (UK)
 (/Users/xiaocong/Library/TinyTeX/texmf-dist/tex/latex/graphics-cfg/color.cfg
File: color.cfg 2016/01/02 v1.6 sample color configuration
)
Package xcolor Info: Driver file: pdftex.def on input line 274.
 (/Users/xiaocong/Library/TinyTeX/texmf-dist/tex/latex/graphics/mathcolor.ltx)
Package xcolor Info: Model `cmy' substituted by `cmy0' on input line 1349.
Package xcolor Info: Model `hsb' substituted by `rgb' on input line 1353.
Package xcolor Info: Model `RGB' extended on input line 1365.
Package xcolor Info: Model `HTML' substituted by `rgb' on input line 1367.
Package xcolor Info: Model `Hsb' substituted by `hsb' on input line 1368.
Package xcolor Info: Model `tHsb' substituted by `hsb' on input line 1369.
Package xcolor Info: Model `HSB' substituted by `hsb' on input line 1370.
Package xcolor Info: Model `Gray' substituted by `gray' on input line 1371.
Package xcolor Info: Model `wave' substituted by `hsb' on input line 1372.
) (/Users/xiaocong/Library/TinyTeX/texmf-dist/tex/latex/caption/caption.sty
Package: caption 2023/08/05 v3.6o Customizing captions (AR)
 (/Users/xiaocong/Library/TinyTeX/texmf-dist/tex/latex/caption/caption3.sty
Package: caption3 2023/07/31 v2.4d caption3 kernel (AR)
\caption@tempdima=\dimen184
\captionmargin=\dimen185
\caption@leftmargin=\dimen186
\caption@rightmargin=\dimen187
\caption@width=\dimen188
\caption@indent=\dimen189
\caption@parindent=\dimen190
\caption@hangindent=\dimen191
Package caption Info: Standard document class detected.
)
\c@caption@flags=\count314
\c@continuedfloat=\count315
Package caption Info: float package is loaded.
Package caption Info: longtable package is loaded.
 (/Users/xiaocong/Library/TinyTeX/texmf-dist/tex/latex/caption/ltcaption.sty
Package: ltcaption 2021/01/08 v1.4c longtable captions (AR)
)) (/Users/xiaocong/Library/TinyTeX/texmf-dist/tex/latex/l3backend/l3backend-pdftex.def
File: l3backend-pdftex.def 2026-02-18 L3 backend support: PDF output (pdfTeX)
\l__color_backend_stack_int=\count316
) (/private/tmp/nmi-figrev-final/main.aux)
\openout1 = `main.aux'.

LaTeX Font Info:    Checking defaults for OML/cmm/m/it on input line 74.
LaTeX Font Info:    ... okay on input line 74.
LaTeX Font Info:    Checking defaults for OMS/cmsy/m/n on input line 74.
LaTeX Font Info:    ... okay on input line 74.
LaTeX Font Info:    Checking defaults for OT1/cmr/m/n on input line 74.
LaTeX Font Info:    ... okay on input line 74.
LaTeX Font Info:    Checking defaults for T1/cmr/m/n on input line 74.
LaTeX Font Info:    ... okay on input line 74.
LaTeX Font Info:    Checking defaults for TS1/cmr/m/n on input line 74.
LaTeX Font Info:    ... okay on input line 74.
LaTeX Font Info:    Checking defaults for OMX/cmex/m/n on input line 74.
LaTeX Font Info:    ... okay on input line 74.
LaTeX Font Info:    Checking defaults for U/cmr/m/n on input line 74.
LaTeX Font Info:    ... okay on input line 74.
 (/Users/xiaocong/Library/TinyTeX/texmf-dist/tex/latex/epstopdf-pkg/epstopdf-base.sty
Package: epstopdf-base 2020-01-24 v2.11 Base part for package epstopdf
Package epstopdf-base Info: Redefining graphics rule for `.eps' on input line 485.
 (/Users/xiaocong/Library/TinyTeX/texmf-dist/tex/latex/latexconfig/epstopdf-sys.cfg
File: epstopdf-sys.cfg 2010/07/13 v1.3 Configuration of (r)epstopdf for TeX Live
))
*geometry* driver: auto-detecting
*geometry* detected driver: pdftex
*geometry* verbose mode - [ preamble ] result:
* driver: pdftex
* paper: a4paper
* layout: <same size as paper>
* layoutoffset:(h,v)=(0.0pt,0.0pt)
* modes: 
* h-part:(L,W,R)=(72.26999pt, 452.9679pt, 72.26999pt)
* v-part:(T,H,B)=(72.26999pt, 700.50687pt, 72.26999pt)
* \paperwidth=597.50787pt
* \paperheight=845.04684pt
* \textwidth=452.9679pt
* \textheight=700.50687pt
* \oddsidemargin=0.0pt
* \evensidemargin=0.0pt
* \topmargin=-37.0pt
* \headheight=15.0pt
* \headsep=25.0pt
* \topskip=12.0pt
* \footskip=30.0pt
* \marginparwidth=35.0pt
* \marginparsep=10.0pt
* \columnsep=10.0pt
* \skip\footins=10.8pt plus 4.0pt minus 2.0pt
* \hoffset=0.0pt
* \voffset=0.0pt
* \mag=1000
* \@twocolumnfalse
* \@twosidefalse
* \@mparswitchfalse
* \@reversemarginfalse
* (1in=72.27pt=25.4mm, 1cm=28.453pt)

Package caption Info: Begin \AtBeginDocument code.
Package caption Info: End \AtBeginDocument code.
LaTeX Font Info:    Trying to load font information for U+msa on input line 76.
(/Users/xiaocong/Library/TinyTeX/texmf-dist/tex/latex/amsfonts/umsa.fd
File: umsa.fd 2013/01/14 v3.01 AMS symbols A
)
LaTeX Font Info:    Trying to load font information for U+msb on input line 76.
 (/Users/xiaocong/Library/TinyTeX/texmf-dist/tex/latex/amsfonts/umsb.fd
File: umsb.fd 2013/01/14 v3.01 AMS symbols B
) [1

{/Users/xiaocong/Library/TinyTeX/texmf-var/fonts/map/pdftex/updmap/pdftex.map}] [2] [3] [4]
<figures/fig1_monitoring.pdf, id=28, 520.34402pt x 401.09851pt>
File: figures/fig1_monitoring.pdf Graphic file (type pdf)
<use figures/fig1_monitoring.pdf>
Package pdftex.def Info: figures/fig1_monitoring.pdf  used on input line 200.
(pdftex.def)             Requested size: 452.9679pt x 349.17932pt.
 [5] [6 <./figures/fig1_monitoring.pdf>]
<figures/fig2_context.pdf, id=54, 520.68546pt x 455.2441pt>
File: figures/fig2_context.pdf Graphic file (type pdf)
<use figures/fig2_context.pdf>
Package pdftex.def Info: figures/fig2_context.pdf  used on input line 252.
(pdftex.def)             Requested size: 452.9679pt x 396.05222pt.
 [7] [8 <./figures/fig2_context.pdf>]
<figures/fig3_monitor.pdf, id=87, 520.34402pt x 386.64452pt>
File: figures/fig3_monitor.pdf Graphic file (type pdf)
<use figures/fig3_monitor.pdf>
Package pdftex.def Info: figures/fig3_monitor.pdf  used on input line 291.
(pdftex.def)             Requested size: 452.9679pt x 336.5963pt.
 [9] [10 <./figures/fig3_monitor.pdf>] [11]
<figures/fig4_consequence.pdf, id=118, 512.1496pt x 435.32715pt>
File: figures/fig4_consequence.pdf Graphic file (type pdf)
<use figures/fig4_consequence.pdf>
Package pdftex.def Info: figures/fig4_consequence.pdf  used on input line 350.
(pdftex.def)             Requested size: 452.9679pt x 385.03534pt.
 [12] [13 <./figures/fig4_consequence.pdf>] [14] [15]
<figures/fig5_human_arm.pdf, id=154, 512.1496pt x 463.77992pt>
File: figures/fig5_human_arm.pdf Graphic file (type pdf)
<use figures/fig5_human_arm.pdf>
Package pdftex.def Info: figures/fig5_human_arm.pdf  used on input line 434.
(pdftex.def)             Requested size: 452.9679pt x 410.20105pt.
 [16] [17 <./figures/fig5_human_arm.pdf>]
<figures/fig6_subjective.pdf, id=177, 520.68546pt x 327.2067pt>
File: figures/fig6_subjective.pdf Graphic file (type pdf)
<use figures/fig6_subjective.pdf>
Package pdftex.def Info: figures/fig6_subjective.pdf  used on input line 476.
(pdftex.def)             Requested size: 452.9679pt x 284.66252pt.
 [18 <./figures/fig6_subjective.pdf>] [19] [20] [21] [22] [23] [24] [25] [26] [27] [28] [29] [30] [31] [32] [33]
Underfull \hbox (badness 2503) in paragraph at lines 929--929
[] []\T1/cmr/bx/n/12 return  \T1/cmr/m/sc/12 Ab-stain\T1/cmr/m/n/12 (\T1/cmr/m/sc/12 Ego-Unreadable \T1/cmr/m/n/12 if $\OML/cmm/m/it/12 u[]$ \T1/cmr/m/n/12 or $\OML/cmm/m/it/12 q[]$ \T1/cmr/m/n/12 failed; \T1/cmr/m/sc/12 Counterpart-
 []

[34] [35]
Underfull \hbox (badness 1342) in paragraph at lines 982--989
[]\T1/cmr/m/n/12 The on-line im-ple-men-ta-tion eval-u-ates seven can-di-date pref-er-ences $\OML/cmm/m/it/12 k^^Y=\OT1/cmr/m/n/12 8$\T1/cmr/m/n/12 , $\OML/cmm/m/it/12 k \OMS/cmsy/m/n/12 2
 []


Underfull \hbox (badness 10000) in paragraph at lines 1008--1009
[]\T1/cmr/m/n/10.95 Naturalistic and matched-
 []


Underfull \hbox (badness 2302) in paragraph at lines 1009--1010
[]\T1/cmr/m/n/10.95 Frame-level IPV read-ing com-
 []


Underfull \hbox (badness 10000) in paragraph at lines 1010--1010
[]\T1/cmr/m/n/10.95 Can im-posed interaction-
 []


Underfull \hbox (badness 3746) in paragraph at lines 1010--1011
\T1/cmr/m/n/10.95 within the context-conditioned
 []


Underfull \hbox (badness 10000) in paragraph at lines 1011--1011
[]\T1/cmr/m/n/10.95 Model-consistent iden-ti-fi-ca-tion
 []


Underfull \hbox (badness 5771) in paragraph at lines 1011--1012
[]\T1/cmr/m/n/10.95 Context con-di-tion-ing, cal-i-bra-
 []

<figures/fig1_measurable.pdf, id=255, 512.1496pt x 298.75392pt>
File: figures/fig1_measurable.pdf Graphic file (type pdf)
<use figures/fig1_measurable.pdf>
Package pdftex.def Info: figures/fig1_measurable.pdf  used on input line 1017.
(pdftex.def)             Requested size: 452.9679pt x 264.23993pt.
[36

]
Underfull \hbox (badness 4144) in paragraph at lines 1041--1049
[]\T1/cmr/m/n/12 For ego-position atyp-i-cal-ity, the assertive-minus-within dif-fer-ence is $\OT1/cmr/m/n/12 +0\OML/cmm/m/it/12 :\OT1/cmr/m/n/12 465$
 []

[37]
<figures/figS2_subjective_sensitivity.pdf, id=263, 520.68546pt x 270.3012pt>
File: figures/figS2_subjective_sensitivity.pdf Graphic file (type pdf)
<use figures/figS2_subjective_sensitivity.pdf>
Package pdftex.def Info: figures/figS2_subjective_sensitivity.pdf  used on input line 1082.
(pdftex.def)             Requested size: 452.9679pt x 235.156pt.
<figures/figS3_human_levels.pdf, id=264, 512.1496pt x 199.1693pt>
File: figures/figS3_human_levels.pdf Graphic file (type pdf)
<use figures/figS3_human_levels.pdf>
Package pdftex.def Info: figures/figS3_human_levels.pdf  used on input line 1088.
(pdftex.def)             Requested size: 452.9679pt x 176.15996pt.
<figures/figS4_estimator_details.pdf, id=265, 520.34402pt x 220.42351pt>
File: figures/figS4_estimator_details.pdf Graphic file (type pdf)
<use figures/figS4_estimator_details.pdf>
Package pdftex.def Info: figures/figS4_estimator_details.pdf  used on input line 1094.
(pdftex.def)             Requested size: 452.9679pt x 191.89134pt.
 (./figures/subjective_supplement_tables.tex [38 <./figures/fig1_measurable.pdf>] [39 <./figures/figS2_subjective_sensitivity.pdf> <./figures/figS3_human_levels.pdf>] [40 <./figures/figS4_estimator_details.pdf>] [41

] [42] [43] [44] [45]) [46

]
<figures/figE2_reference_band.pdf, id=368, 512.1496pt x 256.0748pt>
File: figures/figE2_reference_band.pdf Graphic file (type pdf)
<use figures/figE2_reference_band.pdf>
Package pdftex.def Info: figures/figE2_reference_band.pdf  used on input line 1111.
(pdftex.def)             Requested size: 452.9679pt x 226.49136pt.
<figures/figE1_case_example.pdf, id=369, 512.1496pt x 341.43306pt>
File: figures/figE1_case_example.pdf Graphic file (type pdf)
<use figures/figE1_case_example.pdf>
Package pdftex.def Info: figures/figE1_case_example.pdf  used on input line 1125.
(pdftex.def)             Requested size: 452.9679pt x 301.98848pt.
<figures/figED3_source_transfer.pdf, id=370, 520.34402pt x 238.49101pt>
File: figures/figED3_source_transfer.pdf Graphic file (type pdf)
<use figures/figED3_source_transfer.pdf>
Package pdftex.def Info: figures/figED3_source_transfer.pdf  used on input line 1155.
(pdftex.def)             Requested size: 452.9679pt x 207.62013pt.
<figures/figED5_reference_distribution.pdf, id=371, 520.34402pt x 209.58301pt>
File: figures/figED5_reference_distribution.pdf Graphic file (type pdf)
<use figures/figED5_reference_distribution.pdf>
Package pdftex.def Info: figures/figED5_reference_distribution.pdf  used on input line 1161.
(pdftex.def)             Requested size: 452.9679pt x 182.45406pt.
 [47

 <./figures/figE2_reference_band.pdf>] [48 <./figures/figE1_case_example.pdf>] [49 <./figures/figED3_source_transfer.pdf> <./figures/figED5_reference_distribution.pdf>] (/private/tmp/nmi-figrev-final/main.bbl [50

] [51] [52] [53] [54] [55]) [56] [57] (/private/tmp/nmi-figrev-final/main.aux)
 ***********
LaTeX2e <2026-06-01>
L3 programming layer <2026-06-18>
 ***********
 ) 
Here is how much of TeX's memory you used:
 6332 strings out of 469158
 103559 string characters out of 5459505
 549871 words of memory out of 5000000
 35244 multiletter control sequences out of 15000+600000
 651337 words of font info for 101 fonts, out of 8000000 for 9000
 14 hyphenation exceptions out of 8191
 57i,12n,65p,2240b,543s stack positions out of 10000i,1000n,20000p,200000b,200000s
 </Users/xiaocong/Library/TinyTeX/texmf-var/fonts/pk/ljfour/jknappen/ec/ectt1200.600pk> </Users/xiaocong/Library/TinyTeX/texmf-var/fonts/pk/ljfour/jknappen/ec/ecrm0800.600pk> </Users/xiaocong/Library/TinyTeX/texmf-var/fonts/pk/ljfour/jknappen/ec/tcrm1095.600pk> </Users/xiaocong/Library/TinyTeX/texmf-var/fonts/pk/ljfour/jknappen/ec/ecrm1000.600pk> </Users/xiaocong/Library/TinyTeX/texmf-var/fonts/pk/ljfour/jknappen/ec/ecbx1200.600pk> </Users/xiaocong/Library/TinyTeX/texmf-var/fonts/pk/ljfour/jknappen/ec/eccc1200.600pk> </Users/xiaocong/Library/TinyTeX/texmf-var/fonts/pk/ljfour/jknappen/ec/ecbx1440.600pk> </Users/xiaocong/Library/TinyTeX/texmf-var/fonts/pk/ljfour/jknappen/ec/ecti1200.600pk> </Users/xiaocong/Library/TinyTeX/texmf-var/fonts/pk/ljfour/jknappen/ec/ecbx1728.600pk> </Users/xiaocong/Library/TinyTeX/texmf-var/fonts/pk/ljfour/jknappen/ec/ecrm1200.600pk> </Users/xiaocong/Library/TinyTeX/texmf-var/fonts/pk/ljfour/jknappen/ec/ecrm1095.600pk> </Users/xiaocong/Library/TinyTeX/texmf-var/fonts/pk/ljfour/jknappen/ec/ecbx1095.600pk> </Users/xiaocong/Library/TinyTeX/texmf-var/fonts/pk/ljfour/jknappen/ec/ecti1440.600pk> </Users/xiaocong/Library/TinyTeX/texmf-var/fonts/pk/ljfour/jknappen/ec/ecti1095.600pk> </Users/xiaocong/Library/TinyTeX/texmf-var/fonts/pk/ljfour/jknappen/ec/ecrm1440.600pk> </Users/xiaocong/Library/TinyTeX/texmf-var/fonts/pk/ljfour/jknappen/ec/ecrm2074.600pk></Users/xiaocong/Library/TinyTeX/texmf-dist/fonts/type1/public/amsfonts/cm/cmbx12.pfb></Users/xiaocong/Library/TinyTeX/texmf-dist/fonts/type1/public/amsfonts/cm/cmex10.pfb></Users/xiaocong/Library/TinyTeX/texmf-dist/fonts/type1/public/amsfonts/cm/cmmi10.pfb></Users/xiaocong/Library/TinyTeX/texmf-dist/fonts/type1/public/amsfonts/cm/cmmi12.pfb></Users/xiaocong/Library/TinyTeX/texmf-dist/fonts/type1/public/amsfonts/cm/cmmi8.pfb></Users/xiaocong/Library/TinyTeX/texmf-dist/fonts/type1/public/amsfonts/cm/cmr10.pfb></Users/xiaocong/Library/TinyTeX/texmf-dist/fonts/type1/public/amsfonts/cm/cmr12.pfb></Users/xiaocong/Library/TinyTeX/texmf-dist/fonts/type1/public/amsfonts/cm/cmr6.pfb></Users/xiaocong/Library/TinyTeX/texmf-dist/fonts/type1/public/amsfonts/cm/cmr8.pfb></Users/xiaocong/Library/TinyTeX/texmf-dist/fonts/type1/public/amsfonts/cm/cmsy10.pfb></Users/xiaocong/Library/TinyTeX/texmf-dist/fonts/type1/public/amsfonts/cm/cmsy6.pfb></Users/xiaocong/Library/TinyTeX/texmf-dist/fonts/type1/public/amsfonts/cm/cmsy8.pfb>
Output written on /private/tmp/nmi-figrev-final/main.pdf (57 pages, 1082746 bytes).
PDF statistics:
 1198 PDF objects out of 1200 (max. 8388607)
 361 compressed objects within 4 object streams
 0 named destinations out of 1000 (max. 500000)
 71 words of extra memory for PDF output out of 10000 (max. 10000000)

